{
  "ErrorMessages": [
    "There already is an account with that email address."
  ],
  "IsOk": false,
  "Payload": null
}