{
  "payload": null,
  "isOk": false,
  "errorMessages": [
    "No RPC handler for request. RequestType: NotRegisteredRequest."
  ]
}