{
  "payload": null,
  "isOk": false,
  "errorMessages": [
    "The HTTP request has an empty body."
  ]
}