{
  "payload": null,
  "isOk": false,
  "errorMessages": [
    "Request type is null or an empty string."
  ]
}