[
  {
    "Details": {
      "feed": {
        "FeedContentHash": 123,
        "FeedID": 1,
        "FeedItemsHash": 351563459839931092,
        "FeedName": null,
        "FeedUrl": "fetcher-1.xml"
      },
      "feedContent": null,
      "feedContentHash": 0,
      "feedContentString": null,
      "parsedFeed": null
    },
    "Fingerprint": "FEED_HTTP_REQUEST_FAILED",
    "Message": "The http request for the feed failed.",
    "Data": {},
    "HelpLink": null,
    "Source": "newsgirl-fetcher",
    "HResult": -2146233088
  },
  {
    "ClassName": "System.ApplicationException",
    "Message": "Error in the application.",
    "Data": null,
    "HelpURL": null,
    "RemoteStackTraceString": null,
    "RemoteStackIndex": 0,
    "ExceptionMethod": null,
    "HResult": -2146232832,
    "Source": "NSubstitute",
    "WatsonBuckets": null
  }
]