[
  {
    "Details": {},
    "Fingerprint": "FEED_HTTP_REQUEST_FAILED",
    "Message": "The http request for the feed failed.",
    "Data": {},
    "HelpLink": null,
    "Source": "newsgirl-fetcher",
    "HResult": -2146233088
  },
  {
    "ClassName": "System.ApplicationException",
    "Message": "Error in the application.",
    "Data": null,
    "HelpURL": null,
    "RemoteStackTraceString": null,
    "RemoteStackIndex": 0,
    "ExceptionMethod": null,
    "HResult": -2146232832,
    "Source": "NSubstitute",
    "WatsonBuckets": null
  }
]