[
  {
    "ClassName": "System.ApplicationException",
    "Message": "No rows returned for query that expected exactly one row.",
    "Data": null,
    "HelpURL": null,
    "RemoteStackTraceString": null,
    "RemoteStackIndex": 0,
    "ExceptionMethod": null,
    "HResult": -2146232832,
    "Source": "Newsgirl.Shared",
    "WatsonBuckets": null
  }
]