{
  "ErrorMessages": null,
  "IsOk": true,
  "Payload": {}
}