{
  "ErrorMessages": [
    "Username is already taken."
  ],
  "Headers": {},
  "IsOk": false,
  "Payload": null
}