{
  "login": {
    "Enabled": true,
    "LoginID": 1,
    "PasswordHash": "$$test123$$",
    "Username": "test@abc.de",
    "UserProfileID": 1,
    "VerificationCode": "XXXXXXXXXXXXXXXXXXXXXXXXXXXXXXXXXXXXXXXXXXXXXXXXXXXXXXXXXXXXXXXXXXXXXXXXXXXXXXXXXXXXXXXXXXXXXXXXXXXX",
    "Verified": false
  },
  "profile": {
    "EmailAddress": "test@abc.de",
    "RegistrationDate": "3000-01-01T00:00:00",
    "UserProfileID": 1
  },
  "result": {
    "ErrorMessages": null,
    "IsOk": true,
    "Payload": {
      "CsrfToken": "XXXXXXXXXXXXXXXXXXXXXXXXXXXXXXXXXXXXXXXX",
      "EmailAddress": "test@abc.de",
      "UserProfileID": 1
    }
  }
}