{
  "ErrorMessages": [
    "Wrong username or password."
  ],
  "IsOk": false,
  "Payload": null
}