{
  "ErrorMessages": null,
  "IsOk": true,
  "Payload": {
    "CsrfToken": "XXXXXXXXXXXXXXXXXXXXXXXXXXXXXXXXXXXXXXXX",
    "EmailAddress": "test123@abc.de",
    "UserProfileID": 1
  }
}