{
  "payload": {
    "message": "Works."
  },
  "isOk": true,
  "headers": {},
  "errorMessages": null
}