{
  "payload": {
    "num": 34
  },
  "isOk": true,
  "headers": {
    "test_key": "test_value"
  },
  "errorMessages": null
}