{
  "payload": null,
  "isOk": false,
  "headers": {},
  "errorMessages": [
    "RPC execution error (ThrowingTestRequest): 00000000000000000000000000000000"
  ]
}