{
  "payload": null,
  "isOk": false,
  "headers": {},
  "errorMessages": [
    "No RPC handler for request: NotRegisteredRequest."
  ]
}