{
  "payload": null,
  "isOk": false,
  "errorMessages": [
    "Failed to read RPC request body: 61289445-04b7-4f59-bbdd-499c36861bc0"
  ]
}