[
  {
    "ClassName": "System.ArgumentException",
    "Message": "The utf8Bytes parameter must not be empty.",
    "Data": null,
    "HelpURL": null,
    "RemoteStackTraceString": null,
    "RemoteStackIndex": 0,
    "ExceptionMethod": null,
    "HResult": -2147024809,
    "Source": "Newsgirl.Shared",
    "WatsonBuckets": null,
    "ParamName": "utf8Bytes"
  }
]