[
  {
    "Details": {},
    "Fingerprint": null,
    "Message": "Handler method return values must not be null.",
    "Data": {},
    "HelpLink": null,
    "Source": "Anonymously Hosted DynamicMethods Assembly",
    "HResult": -2146233088
  }
]