[
  {
    "ClassName": "System.InvalidCastException",
    "Message": "Unable to cast object of type 'Newsgirl.Shared.Tests.SimpleRequest1' to type 'Newsgirl.Shared.Tests.ExecutorTestRequest'.",
    "Data": null,
    "HelpURL": null,
    "RemoteStackTraceString": null,
    "RemoteStackIndex": 0,
    "ExceptionMethod": null,
    "HResult": -2147467262,
    "Source": "DynamicAssembly+ReflectionEmmitHelper",
    "WatsonBuckets": null
  }
]