{
  "ErrorMessages": [
    "ApplicationException: Testing the exception handling."
  ],
  "IsOk": false,
  "Payload": null
}