[
  {
    "Details": {},
    "Fingerprint": null,
    "Message": "Rpc response task type is not supported.",
    "Data": {},
    "HelpLink": null,
    "Source": "Newsgirl.Shared",
    "HResult": -2146233088
  }
]