[
  {
    "Details": {},
    "Fingerprint": null,
    "Message": "Only Tasks are allowed as RPC return types. Return type: StringBuilder.",
    "Data": {},
    "HelpLink": null,
    "Source": "Newsgirl.Shared",
    "HResult": -2146233088
  }
]