[
  {
    "Details": {},
    "Fingerprint": null,
    "Message": "Parameter of type StringBuilder is not supported for RPC methods. RpcHandlerWithInvalidParameter.RpcMethod",
    "Data": {},
    "HelpLink": null,
    "Source": "Newsgirl.Shared",
    "HResult": -2146233088
  }
]