[
  {
    "Details": {},
    "Fingerprint": null,
    "Message": "Private methods cannot be bound as an RPC handlers. PrivateRpcMethodHandler.RpcMethod",
    "Data": {},
    "HelpLink": null,
    "Source": "Newsgirl.Shared",
    "HResult": -2146233088
  }
]