[
  {
    "Details": {},
    "Fingerprint": null,
    "Message": "Unsupported underlying return type: Task<StringBuilder>.",
    "Data": {},
    "HelpLink": null,
    "Source": "Newsgirl.Shared",
    "HResult": -2146233088
  }
]