{
  "FetcherCyclePause": 0,
  "HttpClientRequestTimeout": 120,
  "HttpClientUserAgent": "Mozilla/5.0 (X11; Linux x86_64) AppleWebKit/537.36 (KHTML, like Gecko) Chrome/72.0.3626.81 Safari/537.36",
  "ParallelFeedFetching": true
}